mode: count
code-repo/internal/repository/db/file_repository.go:23.52,25.2 1 3
code-repo/internal/repository/db/file_repository.go:27.58,29.2 1 6
code-repo/internal/repository/db/file_repository.go:31.67,35.2 3 2
code-repo/internal/repository/db/file_repository.go:37.86,41.2 3 2
code-repo/internal/repository/db/file_repository.go:43.94,46.22 3 2
code-repo/internal/repository/db/file_repository.go:46.22,48.3 1 0
code-repo/internal/repository/db/file_repository.go:49.2,50.19 2 2
code-repo/internal/repository/db/file_repository.go:53.58,55.2 1 0
code-repo/internal/repository/db/file_repository.go:57.50,59.2 1 1
code-repo/internal/repository/db/file_repository.go:61.60,63.2 1 0
code-repo/internal/repository/db/init.go:17.45,23.16 4 0
code-repo/internal/repository/db/init.go:23.16,25.3 1 0
code-repo/internal/repository/db/init.go:27.2,28.16 2 0
code-repo/internal/repository/db/init.go:28.16,30.3 1 0
code-repo/internal/repository/db/init.go:33.2,37.50 4 0
code-repo/internal/repository/db/mock_file_repo.go:19.73,23.2 3 0
code-repo/internal/repository/db/mock_file_repo.go:25.71,27.2 1 0
code-repo/internal/repository/db/mock_file_repo.go:29.62,33.2 3 0
code-repo/internal/repository/db/mock_file_repo.go:35.81,37.2 1 0
code-repo/internal/repository/db/mock_file_repo.go:39.71,44.2 4 0
code-repo/internal/repository/db/mock_file_repo.go:46.80,48.2 1 0
code-repo/internal/repository/db/mock_file_repo.go:50.90,55.2 4 0
code-repo/internal/repository/db/mock_file_repo.go:57.92,59.2 1 0
code-repo/internal/repository/db/mock_file_repo.go:61.98,66.2 4 0
code-repo/internal/repository/db/mock_file_repo.go:68.99,70.2 1 0
code-repo/internal/repository/db/mock_file_repo.go:72.62,76.2 3 0
code-repo/internal/repository/db/mock_file_repo.go:78.81,80.2 1 0
code-repo/internal/repository/db/mock_file_repo.go:82.54,86.2 3 0
code-repo/internal/repository/db/mock_file_repo.go:88.79,90.2 1 0
code-repo/internal/repository/db/mock_file_repo.go:92.64,96.2 3 0
code-repo/internal/repository/db/mock_file_repo.go:98.89,100.2 1 0
code-repo/internal/repository/db/mock_file_repo.go:111.85,115.2 3 0
code-repo/internal/repository/db/mock_file_repo.go:117.83,119.2 1 0
code-repo/internal/repository/db/mock_file_repo.go:121.74,125.2 3 0
code-repo/internal/repository/db/mock_file_repo.go:127.87,129.2 1 0
code-repo/internal/repository/db/mock_file_repo.go:131.95,136.2 4 0
code-repo/internal/repository/db/mock_file_repo.go:138.98,140.2 1 0
code-repo/internal/repository/db/mock_file_repo.go:142.116,146.2 3 0
code-repo/internal/repository/db/mock_file_repo.go:148.130,150.2 1 0
code-repo/internal/repository/db/mock_file_repo.go:152.87,156.2 3 0
code-repo/internal/repository/db/mock_file_repo.go:158.105,160.2 1 0
code-repo/internal/repository/db/mock_file_repo.go:162.66,166.2 3 0
code-repo/internal/repository/db/mock_file_repo.go:168.91,170.2 1 0
code-repo/internal/repository/db/mock_repo.go:26.73,30.2 3 0
code-repo/internal/repository/db/mock_repo.go:33.71,35.2 1 0
code-repo/internal/repository/db/mock_repo.go:38.68,43.2 4 0
code-repo/internal/repository/db/mock_repo.go:46.81,49.2 2 0
code-repo/internal/repository/db/mock_repo.go:52.54,57.2 4 0
code-repo/internal/repository/db/mock_repo.go:60.79,63.2 2 0
code-repo/internal/repository/db/mock_repo.go:66.77,72.2 5 0
code-repo/internal/repository/db/mock_repo.go:75.80,78.2 2 0
code-repo/internal/repository/db/mock_repo.go:81.105,87.2 5 0
code-repo/internal/repository/db/mock_repo.go:90.101,93.2 2 0
code-repo/internal/repository/db/mock_repo.go:96.130,103.2 6 0
code-repo/internal/repository/db/mock_repo.go:106.114,109.2 2 0
code-repo/internal/repository/db/mock_repo.go:112.68,117.2 4 0
code-repo/internal/repository/db/mock_repo.go:120.81,123.2 2 0
code-repo/internal/repository/db/mock_repo.go:126.96,131.2 4 0
code-repo/internal/repository/db/mock_repo.go:134.98,137.2 2 0
code-repo/internal/repository/db/repo_repository.go:25.52,27.2 1 1
code-repo/internal/repository/db/repo_repository.go:30.64,32.2 1 6
code-repo/internal/repository/db/repo_repository.go:35.73,39.2 3 0
code-repo/internal/repository/db/repo_repository.go:42.101,46.2 3 1
code-repo/internal/repository/db/repo_repository.go:49.126,56.19 4 1
code-repo/internal/repository/db/repo_repository.go:56.19,58.3 1 0
code-repo/internal/repository/db/repo_repository.go:61.2,62.16 2 1
code-repo/internal/repository/db/repo_repository.go:62.16,64.3 1 0
code-repo/internal/repository/db/repo_repository.go:67.2,70.26 3 1
code-repo/internal/repository/db/repo_repository.go:74.64,76.2 1 0
code-repo/internal/repository/db/repo_repository.go:79.50,81.2 1 0
code-repo/internal/repository/db/repo_repository.go:84.92,86.2 1 0
code-repo/internal/repository/db/repo_repository.go:89.98,97.2 6 0
code-repo/internal/repository/db/upload_task_repository.go:21.64,23.2 1 1
code-repo/internal/repository/db/upload_task_repository.go:25.70,27.2 1 1
code-repo/internal/repository/db/upload_task_repository.go:29.91,33.2 3 3
code-repo/internal/repository/db/upload_task_repository.go:35.112,38.2 1 1
code-repo/internal/repository/db/upload_task_repository.go:40.83,43.2 1 1
code-repo/internal/repository/db/upload_task_repository.go:45.62,47.2 1 0
code-repo/internal/repository/db/user_repository.go:25.52,27.2 1 1
code-repo/internal/repository/db/user_repository.go:30.73,32.2 1 1
code-repo/internal/repository/db/user_repository.go:35.88,38.16 3 0
code-repo/internal/repository/db/user_repository.go:38.16,40.3 1 0
code-repo/internal/repository/db/user_repository.go:41.2,41.19 1 0
code-repo/internal/repository/db/user_repository.go:45.82,48.16 3 0
code-repo/internal/repository/db/user_repository.go:48.16,50.3 1 0
code-repo/internal/repository/db/user_repository.go:51.2,51.19 1 0
code-repo/internal/repository/db/user_repository.go:55.73,58.2 1 0
code-repo/internal/repository/db/user_repository.go:61.65,63.2 1 0
