mode: count
code-repo/internal/service/file_service.go:42.125,48.2 1 12
code-repo/internal/service/file_service.go:50.186,51.54 1 0
code-repo/internal/service/file_service.go:51.54,53.3 1 0
code-repo/internal/service/file_service.go:55.2,56.40 2 0
code-repo/internal/service/file_service.go:56.40,58.60 2 0
code-repo/internal/service/file_service.go:58.60,60.4 1 0
code-repo/internal/service/file_service.go:61.3,63.30 3 0
code-repo/internal/service/file_service.go:63.30,65.4 1 0
code-repo/internal/service/file_service.go:66.3,67.53 2 0
code-repo/internal/service/file_service.go:67.53,69.4 1 0
code-repo/internal/service/file_service.go:70.3,71.87 2 0
code-repo/internal/service/file_service.go:71.87,73.4 1 0
code-repo/internal/service/file_service.go:74.3,74.44 1 0
code-repo/internal/service/file_service.go:77.2,78.86 2 0
code-repo/internal/service/file_service.go:78.86,80.3 1 0
code-repo/internal/service/file_service.go:82.2,83.20 2 0
code-repo/internal/service/file_service.go:83.20,85.3 1 0
code-repo/internal/service/file_service.go:87.2,99.54 2 0
code-repo/internal/service/file_service.go:99.54,102.3 2 0
code-repo/internal/service/file_service.go:104.2,104.45 1 0
code-repo/internal/service/file_service.go:107.134,108.58 1 3
code-repo/internal/service/file_service.go:108.58,110.3 1 1
code-repo/internal/service/file_service.go:112.2,115.48 3 2
code-repo/internal/service/file_service.go:115.48,116.41 1 1
code-repo/internal/service/file_service.go:116.41,121.4 1 1
code-repo/internal/service/file_service.go:124.2,137.50 2 1
code-repo/internal/service/file_service.go:137.50,139.3 1 0
code-repo/internal/service/file_service.go:141.2,144.8 1 1
code-repo/internal/service/file_service.go:147.131,149.16 2 4
code-repo/internal/service/file_service.go:149.16,151.3 1 1
code-repo/internal/service/file_service.go:152.2,152.32 1 3
code-repo/internal/service/file_service.go:152.32,154.3 1 1
code-repo/internal/service/file_service.go:155.2,155.62 1 2
code-repo/internal/service/file_service.go:155.62,157.3 1 1
code-repo/internal/service/file_service.go:159.2,160.33 2 1
code-repo/internal/service/file_service.go:160.33,167.3 1 1
code-repo/internal/service/file_service.go:169.2,169.85 1 0
code-repo/internal/service/file_service.go:169.85,171.3 1 0
code-repo/internal/service/file_service.go:173.2,177.103 4 0
code-repo/internal/service/file_service.go:177.103,179.3 1 0
code-repo/internal/service/file_service.go:181.2,182.15 2 0
code-repo/internal/service/file_service.go:182.15,184.3 1 0
code-repo/internal/service/file_service.go:186.2,191.8 1 0
code-repo/internal/service/file_service.go:194.117,196.16 2 3
code-repo/internal/service/file_service.go:196.16,198.3 1 1
code-repo/internal/service/file_service.go:199.2,199.60 1 2
code-repo/internal/service/file_service.go:199.60,201.3 1 1
code-repo/internal/service/file_service.go:202.2,202.44 1 1
code-repo/internal/service/file_service.go:202.44,204.3 1 1
code-repo/internal/service/file_service.go:206.2,209.40 3 0
code-repo/internal/service/file_service.go:209.40,211.3 1 0
code-repo/internal/service/file_service.go:213.2,213.92 1 0
code-repo/internal/service/file_service.go:213.92,215.3 1 0
code-repo/internal/service/file_service.go:217.2,219.40 2 0
code-repo/internal/service/file_service.go:219.40,226.53 7 0
code-repo/internal/service/file_service.go:226.53,228.4 1 0
code-repo/internal/service/file_service.go:229.3,230.44 2 0
code-repo/internal/service/file_service.go:233.2,247.54 2 0
code-repo/internal/service/file_service.go:247.54,249.3 1 0
code-repo/internal/service/file_service.go:251.2,252.45 2 0
code-repo/internal/service/file_service.go:255.100,257.16 2 2
code-repo/internal/service/file_service.go:257.16,259.3 1 1
code-repo/internal/service/file_service.go:260.2,260.39 1 1
code-repo/internal/service/file_service.go:263.119,264.54 1 3
code-repo/internal/service/file_service.go:264.54,266.3 1 1
code-repo/internal/service/file_service.go:268.2,269.16 2 2
code-repo/internal/service/file_service.go:269.16,271.3 1 0
code-repo/internal/service/file_service.go:273.2,274.26 2 2
code-repo/internal/service/file_service.go:274.26,276.3 1 3
code-repo/internal/service/file_service.go:278.2,281.8 1 2
code-repo/internal/service/file_service.go:284.105,286.16 2 3
code-repo/internal/service/file_service.go:286.16,288.3 1 1
code-repo/internal/service/file_service.go:289.2,289.16 1 2
code-repo/internal/service/file_service.go:289.16,291.3 1 1
code-repo/internal/service/file_service.go:292.2,292.26 1 1
code-repo/internal/service/file_service.go:292.26,294.3 1 1
code-repo/internal/service/file_service.go:296.2,297.16 2 0
code-repo/internal/service/file_service.go:297.16,299.3 1 0
code-repo/internal/service/file_service.go:301.2,301.23 1 0
code-repo/internal/service/file_service.go:304.91,306.16 2 3
code-repo/internal/service/file_service.go:306.16,308.3 1 1
code-repo/internal/service/file_service.go:310.2,311.16 2 2
code-repo/internal/service/file_service.go:311.16,313.3 1 0
code-repo/internal/service/file_service.go:314.2,314.28 1 2
code-repo/internal/service/file_service.go:314.28,316.3 1 1
code-repo/internal/service/file_service.go:318.2,318.41 1 1
code-repo/internal/service/file_service.go:318.41,320.3 1 1
code-repo/internal/service/file_service.go:322.2,322.34 1 1
code-repo/internal/service/file_service.go:325.122,326.58 1 3
code-repo/internal/service/file_service.go:326.58,328.3 1 1
code-repo/internal/service/file_service.go:330.2,334.40 4 2
code-repo/internal/service/file_service.go:334.40,336.3 1 1
code-repo/internal/service/file_service.go:338.2,349.53 2 1
code-repo/internal/service/file_service.go:349.53,351.3 1 0
code-repo/internal/service/file_service.go:353.2,353.44 1 1
code-repo/internal/service/file_service.go:356.128,358.16 2 3
code-repo/internal/service/file_service.go:358.16,360.3 1 1
code-repo/internal/service/file_service.go:362.2,363.16 2 2
code-repo/internal/service/file_service.go:363.16,365.3 1 0
code-repo/internal/service/file_service.go:366.2,366.28 1 2
code-repo/internal/service/file_service.go:366.28,368.3 1 1
code-repo/internal/service/file_service.go:370.2,376.40 6 1
code-repo/internal/service/file_service.go:376.40,378.3 1 0
code-repo/internal/service/file_service.go:380.2,383.17 4 1
code-repo/internal/service/file_service.go:383.17,385.25 2 0
code-repo/internal/service/file_service.go:385.25,387.18 2 0
code-repo/internal/service/file_service.go:387.18,389.19 2 0
code-repo/internal/service/file_service.go:389.19,392.6 2 0
code-repo/internal/service/file_service.go:397.2,397.48 1 1
code-repo/internal/service/file_service.go:397.48,399.3 1 0
code-repo/internal/service/file_service.go:401.2,401.39 1 1
code-repo/internal/service/file_service.go:404.126,406.16 2 4
code-repo/internal/service/file_service.go:406.16,408.3 1 1
code-repo/internal/service/file_service.go:410.2,411.16 2 3
code-repo/internal/service/file_service.go:411.16,413.3 1 0
code-repo/internal/service/file_service.go:414.2,414.28 1 3
code-repo/internal/service/file_service.go:414.28,416.3 1 1
code-repo/internal/service/file_service.go:418.2,420.40 3 2
code-repo/internal/service/file_service.go:420.40,422.3 1 1
code-repo/internal/service/file_service.go:424.2,426.17 3 1
code-repo/internal/service/file_service.go:426.17,428.25 2 0
code-repo/internal/service/file_service.go:428.25,430.18 2 0
code-repo/internal/service/file_service.go:430.18,432.19 2 0
code-repo/internal/service/file_service.go:432.19,435.6 2 0
code-repo/internal/service/file_service.go:440.2,440.48 1 1
code-repo/internal/service/file_service.go:440.48,442.3 1 0
code-repo/internal/service/file_service.go:444.2,444.39 1 1
code-repo/internal/service/file_service.go:447.78,461.2 1 7
code-repo/internal/service/file_service.go:463.97,467.2 3 2
code-repo/internal/service/file_service.go:469.47,471.13 2 1
code-repo/internal/service/file_service.go:471.13,473.3 1 0
code-repo/internal/service/file_service.go:474.2,475.26 2 1
code-repo/internal/service/file_service.go:475.26,476.65 1 4
code-repo/internal/service/file_service.go:476.65,478.4 1 4
code-repo/internal/service/file_service.go:480.2,480.15 1 1
code-repo/internal/service/file_service.go:483.51,485.19 2 0
code-repo/internal/service/file_service.go:485.19,487.3 1 0
code-repo/internal/service/file_service.go:488.2,490.30 3 0
code-repo/internal/service/file_service.go:490.30,492.3 1 0
code-repo/internal/service/file_service.go:493.2,493.33 1 0
code-repo/internal/service/mock_file_service.go:24.67,28.2 3 0
code-repo/internal/service/mock_file_service.go:30.65,32.2 1 0
code-repo/internal/service/mock_file_service.go:34.190,39.2 4 0
code-repo/internal/service/mock_file_service.go:41.127,43.2 1 0
code-repo/internal/service/mock_file_service.go:45.138,50.2 4 0
code-repo/internal/service/mock_file_service.go:52.98,54.2 1 0
code-repo/internal/service/mock_file_service.go:56.135,61.2 4 0
code-repo/internal/service/mock_file_service.go:63.93,65.2 1 0
code-repo/internal/service/mock_file_service.go:67.121,72.2 4 0
code-repo/internal/service/mock_file_service.go:74.90,76.2 1 0
code-repo/internal/service/mock_file_service.go:78.104,83.2 4 0
code-repo/internal/service/mock_file_service.go:85.92,87.2 1 0
code-repo/internal/service/mock_file_service.go:89.123,94.2 4 0
code-repo/internal/service/mock_file_service.go:96.100,98.2 1 0
code-repo/internal/service/mock_file_service.go:100.109,106.2 5 0
code-repo/internal/service/mock_file_service.go:108.91,110.2 1 0
code-repo/internal/service/mock_file_service.go:112.95,116.2 3 0
code-repo/internal/service/mock_file_service.go:118.97,120.2 1 0
code-repo/internal/service/mock_file_service.go:122.126,127.2 4 0
code-repo/internal/service/mock_file_service.go:129.93,131.2 1 0
code-repo/internal/service/mock_file_service.go:133.132,138.2 4 0
code-repo/internal/service/mock_file_service.go:140.106,142.2 1 0
code-repo/internal/service/mock_file_service.go:144.130,149.2 4 0
code-repo/internal/service/mock_file_service.go:151.104,153.2 1 0
code-repo/internal/service/mock_preview_service.go:21.73,25.2 3 0
code-repo/internal/service/mock_preview_service.go:27.71,29.2 1 0
code-repo/internal/service/mock_preview_service.go:31.108,36.2 4 0
code-repo/internal/service/mock_preview_service.go:38.93,40.2 1 0
code-repo/internal/service/mock_preview_service.go:42.110,47.2 4 0
code-repo/internal/service/mock_preview_service.go:49.98,51.2 1 0
code-repo/internal/service/mock_preview_service.go:53.107,58.2 4 0
code-repo/internal/service/mock_preview_service.go:60.92,62.2 1 0
code-repo/internal/service/mock_service.go:26.67,30.2 3 0
code-repo/internal/service/mock_service.go:33.65,35.2 1 0
code-repo/internal/service/mock_service.go:38.107,44.2 5 0
code-repo/internal/service/mock_service.go:47.89,50.2 2 0
code-repo/internal/service/mock_service.go:53.67,58.2 4 0
code-repo/internal/service/mock_service.go:61.92,64.2 2 0
code-repo/internal/service/mock_service.go:67.83,73.2 5 0
code-repo/internal/service/mock_service.go:76.87,79.2 2 0
code-repo/internal/service/mock_service.go:82.94,87.2 4 0
code-repo/internal/service/mock_service.go:90.97,93.2 2 0
code-repo/internal/service/preview_service.go:29.95,31.2 1 4
code-repo/internal/service/preview_service.go:99.88,102.32 2 41
code-repo/internal/service/preview_service.go:102.32,104.3 1 18
code-repo/internal/service/preview_service.go:106.2,106.26 1 23
code-repo/internal/service/preview_service.go:106.26,108.3 1 6
code-repo/internal/service/preview_service.go:109.2,109.26 1 17
code-repo/internal/service/preview_service.go:109.26,111.3 1 3
code-repo/internal/service/preview_service.go:112.2,112.26 1 14
code-repo/internal/service/preview_service.go:112.26,114.3 1 3
code-repo/internal/service/preview_service.go:115.2,115.24 1 11
code-repo/internal/service/preview_service.go:115.24,117.3 1 2
code-repo/internal/service/preview_service.go:118.2,118.27 1 9
code-repo/internal/service/preview_service.go:118.27,120.3 1 4
code-repo/internal/service/preview_service.go:122.2,122.25 1 5
code-repo/internal/service/preview_service.go:122.25,124.3 1 3
code-repo/internal/service/preview_service.go:126.2,126.42 1 2
code-repo/internal/service/preview_service.go:126.42,127.42 1 9
code-repo/internal/service/preview_service.go:127.42,129.4 1 1
code-repo/internal/service/preview_service.go:132.2,132.43 1 1
code-repo/internal/service/preview_service.go:132.43,134.3 1 0
code-repo/internal/service/preview_service.go:135.2,135.43 1 1
code-repo/internal/service/preview_service.go:135.43,137.3 1 0
code-repo/internal/service/preview_service.go:138.2,138.43 1 1
code-repo/internal/service/preview_service.go:138.43,140.3 1 0
code-repo/internal/service/preview_service.go:142.2,142.21 1 1
code-repo/internal/service/preview_service.go:145.104,147.16 2 11
code-repo/internal/service/preview_service.go:147.16,149.3 1 1
code-repo/internal/service/preview_service.go:150.2,150.16 1 10
code-repo/internal/service/preview_service.go:150.16,152.3 1 1
code-repo/internal/service/preview_service.go:154.2,166.87 3 9
code-repo/internal/service/preview_service.go:166.87,168.17 2 2
code-repo/internal/service/preview_service.go:168.17,170.4 1 0
code-repo/internal/service/preview_service.go:173.2,173.18 1 9
code-repo/internal/service/preview_service.go:176.113,177.21 1 2
code-repo/internal/service/preview_service.go:177.21,179.3 1 0
code-repo/internal/service/preview_service.go:181.2,182.16 2 2
code-repo/internal/service/preview_service.go:182.16,184.3 1 2
code-repo/internal/service/preview_service.go:185.2,188.44 3 0
code-repo/internal/service/preview_service.go:188.44,190.3 1 0
code-repo/internal/service/preview_service.go:192.2,193.69 2 0
code-repo/internal/service/preview_service.go:193.69,195.3 1 0
code-repo/internal/service/preview_service.go:197.2,198.27 2 0
code-repo/internal/service/preview_service.go:198.27,200.3 1 0
code-repo/internal/service/preview_service.go:202.2,202.21 1 0
code-repo/internal/service/preview_service.go:205.33,206.22 1 0
code-repo/internal/service/preview_service.go:206.22,207.20 1 0
code-repo/internal/service/preview_service.go:207.20,209.4 1 0
code-repo/internal/service/preview_service.go:211.2,211.13 1 0
code-repo/internal/service/preview_service.go:214.106,215.54 1 2
code-repo/internal/service/preview_service.go:215.54,217.3 1 1
code-repo/internal/service/preview_service.go:219.2,220.16 2 1
code-repo/internal/service/preview_service.go:220.16,222.3 1 0
code-repo/internal/service/preview_service.go:224.2,229.8 2 1
code-repo/internal/service/preview_service.go:232.53,242.23 4 1
code-repo/internal/service/preview_service.go:242.23,252.14 3 5
code-repo/internal/service/preview_service.go:252.14,254.4 1 2
code-repo/internal/service/preview_service.go:255.3,259.14 4 5
code-repo/internal/service/preview_service.go:259.14,267.4 2 0
code-repo/internal/service/preview_service.go:268.3,268.50 1 5
code-repo/internal/service/preview_service.go:271.2,271.22 1 1
code-repo/internal/service/preview_service.go:274.40,277.14 3 5
code-repo/internal/service/preview_service.go:277.14,279.3 1 2
code-repo/internal/service/preview_service.go:280.2,280.22 1 3
code-repo/internal/service/preview_service.go:283.103,285.16 2 3
code-repo/internal/service/preview_service.go:285.16,287.3 1 1
code-repo/internal/service/preview_service.go:288.2,288.16 1 2
code-repo/internal/service/preview_service.go:288.16,290.3 1 1
code-repo/internal/service/preview_service.go:291.2,291.26 1 1
code-repo/internal/service/preview_service.go:291.26,293.3 1 1
code-repo/internal/service/preview_service.go:295.2,296.16 2 0
code-repo/internal/service/preview_service.go:296.16,298.3 1 0
code-repo/internal/service/preview_service.go:299.2,302.16 3 0
code-repo/internal/service/preview_service.go:302.16,304.3 1 0
code-repo/internal/service/preview_service.go:306.2,307.68 2 0
code-repo/internal/service/preview_service.go:307.68,309.3 1 0
code-repo/internal/service/preview_service.go:311.2,316.8 1 0
code-repo/internal/service/preview_service.go:319.61,320.19 1 0
code-repo/internal/service/preview_service.go:320.19,322.45 2 0
code-repo/internal/service/preview_service.go:322.45,324.4 1 0
code-repo/internal/service/preview_service.go:327.2,335.31 3 0
code-repo/internal/service/preview_service.go:335.31,337.3 1 0
code-repo/internal/service/preview_service.go:338.2,338.35 1 0
code-repo/internal/service/repo_service.go:27.59,29.2 1 2
code-repo/internal/service/repo_service.go:32.103,35.40 2 3
code-repo/internal/service/repo_service.go:35.40,37.3 1 1
code-repo/internal/service/repo_service.go:42.2,46.50 3 2
code-repo/internal/service/repo_service.go:46.50,48.3 1 0
code-repo/internal/service/repo_service.go:51.2,61.46 2 2
code-repo/internal/service/repo_service.go:61.46,65.3 2 1
code-repo/internal/service/repo_service.go:68.2,69.16 2 1
code-repo/internal/service/repo_service.go:69.16,71.3 1 0
code-repo/internal/service/repo_service.go:73.2,73.43 1 1
code-repo/internal/service/repo_service.go:77.79,79.16 2 0
code-repo/internal/service/repo_service.go:79.16,81.3 1 0
code-repo/internal/service/repo_service.go:82.2,82.39 1 0
code-repo/internal/service/repo_service.go:86.84,103.2 2 1
code-repo/internal/service/repo_service.go:106.70,108.16 2 2
code-repo/internal/service/repo_service.go:108.16,110.3 1 0
code-repo/internal/service/repo_service.go:113.2,113.28 1 2
code-repo/internal/service/repo_service.go:113.28,115.3 1 1
code-repo/internal/service/repo_service.go:118.2,118.48 1 1
code-repo/internal/service/repo_service.go:118.48,120.3 1 0
code-repo/internal/service/repo_service.go:124.2,124.23 1 1
code-repo/internal/service/repo_service.go:124.23,126.3 1 1
code-repo/internal/service/repo_service.go:128.2,128.12 1 1
code-repo/internal/service/repo_service.go:132.97,134.28 2 0
code-repo/internal/service/repo_service.go:134.28,136.3 1 0
code-repo/internal/service/repo_service.go:137.2,137.25 1 0
code-repo/internal/service/repo_service.go:137.25,139.3 1 0
code-repo/internal/service/repo_service.go:141.2,141.47 1 0
code-repo/internal/service/user_service.go:21.58,23.2 1 1
code-repo/internal/service/user_service.go:26.84,29.16 2 2
code-repo/internal/service/user_service.go:29.16,31.3 1 1
code-repo/internal/service/user_service.go:32.2,32.45 1 1
code-repo/internal/service/user_service.go:32.45,34.3 1 0
code-repo/internal/service/user_service.go:37.2,38.16 2 1
code-repo/internal/service/user_service.go:38.16,40.3 1 0
code-repo/internal/service/user_service.go:43.2,52.33 2 1
code-repo/internal/service/user_service.go:56.100,59.16 2 0
code-repo/internal/service/user_service.go:59.16,60.45 1 0
code-repo/internal/service/user_service.go:60.45,62.4 1 0
code-repo/internal/service/user_service.go:63.3,63.18 1 0
code-repo/internal/service/user_service.go:67.2,67.62 1 0
code-repo/internal/service/user_service.go:67.62,69.3 1 0
code-repo/internal/service/user_service.go:73.2,74.16 2 0
code-repo/internal/service/user_service.go:74.16,76.3 1 0
code-repo/internal/service/user_service.go:79.2,90.8 1 0
code-repo/internal/service/user_service.go:94.97,96.16 2 0
code-repo/internal/service/user_service.go:96.16,98.3 1 0
code-repo/internal/service/user_service.go:100.2,107.8 1 0
