mode: count
code-repo/internal/api/v1/file_handler.go:20.63,22.2 1 7
code-repo/internal/api/v1/file_handler.go:24.52,29.16 4 0
code-repo/internal/api/v1/file_handler.go:29.16,32.3 2 0
code-repo/internal/api/v1/file_handler.go:34.2,35.20 2 0
code-repo/internal/api/v1/file_handler.go:35.20,38.3 2 0
code-repo/internal/api/v1/file_handler.go:40.2,41.16 2 0
code-repo/internal/api/v1/file_handler.go:41.16,44.3 2 0
code-repo/internal/api/v1/file_handler.go:45.2,48.16 3 0
code-repo/internal/api/v1/file_handler.go:48.16,51.3 2 0
code-repo/internal/api/v1/file_handler.go:53.2,53.34 1 0
code-repo/internal/api/v1/file_handler.go:56.50,60.47 3 2
code-repo/internal/api/v1/file_handler.go:60.47,63.3 2 1
code-repo/internal/api/v1/file_handler.go:65.2,66.16 2 1
code-repo/internal/api/v1/file_handler.go:66.16,69.3 2 0
code-repo/internal/api/v1/file_handler.go:71.2,71.29 1 1
code-repo/internal/api/v1/file_handler.go:74.51,76.48 2 0
code-repo/internal/api/v1/file_handler.go:76.48,79.3 2 0
code-repo/internal/api/v1/file_handler.go:81.2,82.16 2 0
code-repo/internal/api/v1/file_handler.go:82.16,85.3 2 0
code-repo/internal/api/v1/file_handler.go:86.2,89.16 3 0
code-repo/internal/api/v1/file_handler.go:89.16,92.3 2 0
code-repo/internal/api/v1/file_handler.go:94.2,95.16 2 0
code-repo/internal/api/v1/file_handler.go:95.16,98.3 2 0
code-repo/internal/api/v1/file_handler.go:100.2,100.29 1 0
code-repo/internal/api/v1/file_handler.go:103.54,105.47 2 0
code-repo/internal/api/v1/file_handler.go:105.47,108.3 2 0
code-repo/internal/api/v1/file_handler.go:110.2,111.16 2 0
code-repo/internal/api/v1/file_handler.go:111.16,114.3 2 0
code-repo/internal/api/v1/file_handler.go:116.2,116.29 1 0
code-repo/internal/api/v1/file_handler.go:119.53,121.16 2 3
code-repo/internal/api/v1/file_handler.go:121.16,124.3 2 1
code-repo/internal/api/v1/file_handler.go:126.2,127.16 2 2
code-repo/internal/api/v1/file_handler.go:127.16,130.3 2 1
code-repo/internal/api/v1/file_handler.go:132.2,132.29 1 1
code-repo/internal/api/v1/file_handler.go:135.49,137.16 2 2
code-repo/internal/api/v1/file_handler.go:137.16,140.3 2 1
code-repo/internal/api/v1/file_handler.go:142.2,145.16 3 1
code-repo/internal/api/v1/file_handler.go:145.16,148.3 2 0
code-repo/internal/api/v1/file_handler.go:150.2,150.29 1 1
code-repo/internal/api/v1/file_handler.go:153.52,155.16 2 0
code-repo/internal/api/v1/file_handler.go:155.16,158.3 2 0
code-repo/internal/api/v1/file_handler.go:160.2,161.16 2 0
code-repo/internal/api/v1/file_handler.go:161.16,164.3 2 0
code-repo/internal/api/v1/file_handler.go:166.2,169.34 4 0
code-repo/internal/api/v1/file_handler.go:172.50,176.16 3 2
code-repo/internal/api/v1/file_handler.go:176.16,179.3 2 1
code-repo/internal/api/v1/file_handler.go:181.2,181.78 1 1
code-repo/internal/api/v1/file_handler.go:181.78,184.3 2 0
code-repo/internal/api/v1/file_handler.go:186.2,186.66 1 1
code-repo/internal/api/v1/file_handler.go:189.49,193.47 3 2
code-repo/internal/api/v1/file_handler.go:193.47,196.3 2 1
code-repo/internal/api/v1/file_handler.go:198.2,199.16 2 1
code-repo/internal/api/v1/file_handler.go:199.16,202.3 2 0
code-repo/internal/api/v1/file_handler.go:204.2,204.34 1 1
code-repo/internal/api/v1/file_handler.go:207.50,211.16 3 2
code-repo/internal/api/v1/file_handler.go:211.16,214.3 2 1
code-repo/internal/api/v1/file_handler.go:216.2,217.47 2 1
code-repo/internal/api/v1/file_handler.go:217.47,220.3 2 0
code-repo/internal/api/v1/file_handler.go:222.2,223.16 2 1
code-repo/internal/api/v1/file_handler.go:223.16,226.3 2 0
code-repo/internal/api/v1/file_handler.go:228.2,228.29 1 1
code-repo/internal/api/v1/file_handler.go:231.48,235.16 3 1
code-repo/internal/api/v1/file_handler.go:235.16,238.3 2 0
code-repo/internal/api/v1/file_handler.go:240.2,241.47 2 1
code-repo/internal/api/v1/file_handler.go:241.47,244.3 2 0
code-repo/internal/api/v1/file_handler.go:246.2,247.16 2 1
code-repo/internal/api/v1/file_handler.go:247.16,250.3 2 0
code-repo/internal/api/v1/file_handler.go:252.2,252.29 1 1
code-repo/internal/api/v1/preview_handler.go:18.75,20.2 1 8
code-repo/internal/api/v1/preview_handler.go:22.54,24.16 2 3
code-repo/internal/api/v1/preview_handler.go:24.16,27.3 2 1
code-repo/internal/api/v1/preview_handler.go:29.2,30.16 2 2
code-repo/internal/api/v1/preview_handler.go:30.16,33.3 2 1
code-repo/internal/api/v1/preview_handler.go:35.2,35.29 1 1
code-repo/internal/api/v1/preview_handler.go:38.59,40.16 2 2
code-repo/internal/api/v1/preview_handler.go:40.16,43.3 2 1
code-repo/internal/api/v1/preview_handler.go:45.2,46.16 2 1
code-repo/internal/api/v1/preview_handler.go:46.16,49.3 2 0
code-repo/internal/api/v1/preview_handler.go:51.2,51.29 1 1
code-repo/internal/api/v1/preview_handler.go:54.53,56.16 2 2
code-repo/internal/api/v1/preview_handler.go:56.16,59.3 2 1
code-repo/internal/api/v1/preview_handler.go:61.2,62.16 2 1
code-repo/internal/api/v1/preview_handler.go:62.16,65.3 2 1
code-repo/internal/api/v1/preview_handler.go:67.2,69.55 3 0
code-repo/internal/api/v1/preview_handler.go:72.55,74.16 2 1
code-repo/internal/api/v1/preview_handler.go:74.16,77.3 2 0
code-repo/internal/api/v1/preview_handler.go:79.2,80.16 2 1
code-repo/internal/api/v1/preview_handler.go:80.16,83.3 2 0
code-repo/internal/api/v1/preview_handler.go:85.2,85.33 1 1
code-repo/internal/api/v1/preview_handler.go:85.33,88.3 2 1
code-repo/internal/api/v1/preview_handler.go:90.2,91.16 2 0
code-repo/internal/api/v1/preview_handler.go:91.16,94.3 2 0
code-repo/internal/api/v1/preview_handler.go:96.2,98.61 3 0
code-repo/internal/api/v1/preview_handler.go:101.55,103.16 2 1
code-repo/internal/api/v1/preview_handler.go:103.16,106.3 2 0
code-repo/internal/api/v1/preview_handler.go:108.2,109.16 2 1
code-repo/internal/api/v1/preview_handler.go:109.16,112.3 2 0
code-repo/internal/api/v1/preview_handler.go:114.2,114.64 1 1
code-repo/internal/api/v1/preview_handler.go:114.64,117.3 2 1
code-repo/internal/api/v1/preview_handler.go:119.2,120.16 2 0
code-repo/internal/api/v1/preview_handler.go:120.16,123.3 2 0
code-repo/internal/api/v1/preview_handler.go:125.2,127.61 3 0
code-repo/internal/api/v1/preview_handler.go:130.53,132.16 2 1
code-repo/internal/api/v1/preview_handler.go:132.16,135.3 2 0
code-repo/internal/api/v1/preview_handler.go:137.2,138.16 2 1
code-repo/internal/api/v1/preview_handler.go:138.16,141.3 2 0
code-repo/internal/api/v1/preview_handler.go:143.2,143.31 1 1
code-repo/internal/api/v1/preview_handler.go:143.31,146.3 2 1
code-repo/internal/api/v1/preview_handler.go:148.2,149.16 2 0
code-repo/internal/api/v1/preview_handler.go:149.16,152.3 2 0
code-repo/internal/api/v1/preview_handler.go:154.2,156.59 3 0
code-repo/internal/api/v1/preview_handler.go:159.57,161.16 2 1
code-repo/internal/api/v1/preview_handler.go:161.16,164.3 2 0
code-repo/internal/api/v1/preview_handler.go:166.2,167.16 2 1
code-repo/internal/api/v1/preview_handler.go:167.16,170.3 2 0
code-repo/internal/api/v1/preview_handler.go:172.2,172.29 1 1
code-repo/internal/api/v1/preview_handler.go:175.50,177.16 2 2
code-repo/internal/api/v1/preview_handler.go:177.16,180.3 2 1
code-repo/internal/api/v1/preview_handler.go:182.2,183.16 2 1
code-repo/internal/api/v1/preview_handler.go:183.16,186.3 2 0
code-repo/internal/api/v1/preview_handler.go:188.2,190.31 3 1
code-repo/internal/api/v1/preview_handler.go:190.31,192.3 1 1
code-repo/internal/api/v1/preview_handler.go:192.8,194.3 1 0
code-repo/internal/api/v1/preview_handler.go:196.2,200.4 1 1
code-repo/internal/api/v1/preview_handler.go:203.80,204.29 1 0
code-repo/internal/api/v1/preview_handler.go:204.29,205.44 1 0
code-repo/internal/api/v1/preview_handler.go:205.44,207.4 1 0
code-repo/internal/api/v1/preview_handler.go:208.3,208.41 1 0
code-repo/internal/api/v1/preview_handler.go:208.41,209.75 1 0
code-repo/internal/api/v1/preview_handler.go:209.75,211.5 1 0
code-repo/internal/api/v1/preview_handler.go:214.2,214.12 1 0
code-repo/internal/api/v1/repo_handler.go:17.67,19.2 1 1
code-repo/internal/api/v1/repo_handler.go:23.46,25.47 2 2
code-repo/internal/api/v1/repo_handler.go:25.47,28.3 2 1
code-repo/internal/api/v1/repo_handler.go:32.2,35.16 3 1
code-repo/internal/api/v1/repo_handler.go:35.16,38.3 2 0
code-repo/internal/api/v1/repo_handler.go:40.2,40.34 1 1
code-repo/internal/api/v1/repo_handler.go:45.49,48.16 3 0
code-repo/internal/api/v1/repo_handler.go:48.16,51.3 2 0
code-repo/internal/api/v1/repo_handler.go:53.2,54.16 2 0
code-repo/internal/api/v1/repo_handler.go:54.16,57.3 2 0
code-repo/internal/api/v1/repo_handler.go:59.2,59.29 1 0
code-repo/internal/api/v1/repo_handler.go:64.46,68.69 3 0
code-repo/internal/api/v1/repo_handler.go:68.69,71.3 2 0
code-repo/internal/api/v1/repo_handler.go:72.2,72.66 1 0
code-repo/internal/api/v1/user_handler.go:17.60,19.2 1 0
code-repo/internal/api/v1/user_handler.go:22.48,25.47 2 1
code-repo/internal/api/v1/user_handler.go:25.47,28.3 2 1
code-repo/internal/api/v1/user_handler.go:31.2,31.65 1 0
code-repo/internal/api/v1/user_handler.go:31.65,34.3 2 0
code-repo/internal/api/v1/user_handler.go:37.2,37.62 1 0
code-repo/internal/api/v1/user_handler.go:41.45,43.47 2 0
code-repo/internal/api/v1/user_handler.go:43.47,46.3 2 0
code-repo/internal/api/v1/user_handler.go:49.2,49.68 1 0
code-repo/internal/api/v1/user_handler.go:49.68,52.3 2 0
code-repo/internal/api/v1/user_handler.go:52.8,54.3 1 0
code-repo/internal/api/v1/user_handler.go:59.50,62.13 2 0
code-repo/internal/api/v1/user_handler.go:62.13,65.3 2 0
code-repo/internal/api/v1/user_handler.go:66.2,69.16 3 0
code-repo/internal/api/v1/user_handler.go:69.16,72.3 2 0
code-repo/internal/api/v1/user_handler.go:74.2,74.29 1 0
